// Jest Snapshot v1, https://goo.gl/fbAQLP

exports[`Tests in <UsersList /> Should display correctly list of users if users array is not empty 1`] = `
<Fragment>
  <div
    className="users-table"
  >
    <table
      className="table is-striped is-hoverable"
    >
      <thead>
        <tr>
          <th>
             User Id
          </th>
          <th>
             User Name 
          </th>
          <th />
        </tr>
      </thead>
      <tbody>
        <tr
          key="23"
        >
          <td>
            23
          </td>
          <td>
            Fernando
          </td>
          <td>
            <FontAwesomeIcon
              border={false}
              className="see_user_detail"
              fixedWidth={false}
              flip={null}
              icon={
                Object {
                  "icon": Array [
                    576,
                    512,
                    Array [],
                    "f06e",
                    "M572.52 241.4C518.29 135.59 410.93 64 288 64S57.68 135.64 3.48 241.41a32.35 32.35 0 0 0 0 29.19C57.71 376.41 165.07 448 288 448s230.32-71.64 284.52-177.41a32.35 32.35 0 0 0 0-29.19zM288 400a144 144 0 1 1 144-144 143.93 143.93 0 0 1-144 144zm0-240a95.31 95.31 0 0 0-25.31 3.79 47.85 47.85 0 0 1-66.9 66.9A95.78 95.78 0 1 0 288 160z",
                  ],
                  "iconName": "eye",
                  "prefix": "fas",
                }
              }
              inverse={false}
              listItem={false}
              mask={null}
              onClick={[Function]}
              pull={null}
              pulse={false}
              rotation={null}
              size={null}
              spin={false}
              swapOpacity={false}
              symbol={false}
              title=""
              transform={null}
            />
          </td>
        </tr>
      </tbody>
    </table>
  </div>
  <UserDetail
    handleUserDetail={[Function]}
    seeUserDetail={false}
    userDetail={Object {}}
  />
</Fragment>
`;
